predicted 32/982
predicted 64/982
predicted 96/982
predicted 128/982
predicted 160/982
predicted 192/982
predicted 224/982
predicted 256/982
predicted 288/982
predicted 320/982
predicted 352/982
predicted 384/982
predicted 416/982
predicted 448/982
predicted 480/982
predicted 512/982
predicted 544/982
predicted 576/982
predicted 608/982
predicted 640/982
predicted 672/982
predicted 704/982
predicted 736/982
predicted 768/982
predicted 800/982
predicted 832/982
predicted 864/982
predicted 896/982
predicted 928/982
predicted 960/982
predicted 982/982
{
  "weights": "/root/3LC Multi Vehicle detection Challenge/competition_starter/runs/detect/r2_yolov8n_scratch_e30_b32_640/weights/best.pt",
  "submission": "/root/3LC Multi Vehicle detection Challenge/competition_starter/submissions/r3_r2weights_conf0.05_iou0.55_submission.csv",
  "conf": 0.05,
  "iou": 0.55,
  "imgsz": 640,
  "batch": 32,
  "max_det": 300,
  "seconds": 9.386820316314697,
  "audit": {
    "ok": true,
    "errors": [],
    "rows": 982,
    "nonempty": 982,
    "total_boxes": 12456
  },
  "sweep_best_val_map50": 0.8544782255492824,
  "sweep_best_val_map50_95": 0.7305773031036116
}
